sahanakulal@Sahanas-MacBook-Air Documents % cd gitbasics  //create folder
sahanakulal@Sahanas-MacBook-Air gitbasics % git init //initlaising the folder (creating a repo)
Initialized empty Git repository in /Users/sahanakulal/Documents/gitbasics/.git/
sahanakulal@Sahanas-MacBook-Air gitbasics % ls
sahanakulal@Sahanas-MacBook-Air gitbasics % ls -a
.	..	.git --> shows how git creates files
sahanakulal@Sahanas-MacBook-Air gitbasics % open .git
sahanakulal@Sahanas-MacBook-Air gitbasics % open file1.txt.  
The file /Users/sahanakulal/Documents/gitbasics/file1.txt does not exist.
sahanakulal@Sahanas-MacBook-Air gitbasics % touch file1.txt //creating two files in gitfolder
sahanakulal@Sahanas-MacBook-Air gitbasics % touch file2.txt
sahanakulal@Sahanas-MacBook-Air gitbasics % git add file1 file2 //adding the folder into staging section  (not committed to repo)
fatal: pathspec 'file1' did not match any files
sahanakulal@Sahanas-MacBook-Air gitbasics % git add file1.txt file2.txt
sahanakulal@Sahanas-MacBook-Air gitbasics % git commit -m "initial commit."  //since I think my files are perfect I am committing it into repo)
[main (root-commit) 67401a0] initial commit.
 2 files changed, 0 insertions(+), 0 deletions(-)
 create mode 100644 file1.txt
 create mode 100644 file2.txt
sahanakulal@Sahanas-MacBook-Air gitbasics % open file1.txt // made some bug changes on file1 (remember once committed doesn't mean its removed from stage)
sahanakulal@Sahanas-MacBook-Air gitbasics % git add file1.txt //pushing it into stage
sahanakulal@Sahanas-MacBook-Air gitbasics % git commit -m "fixed one bug." //fixing the bug message and pushing into repo)
[main a223b68] fixed one bug.
 1 file changed, 1 insertion(+)
sahanakulal@Sahanas-MacBook-Air gitbasics % rm file2.txt. //file2 has unused code, removing it 
sahanakulal@Sahanas-MacBook-Air gitbasics % git add file2.txt // making the same change in staging area, suprisingly command is add only
sahanakulal@Sahanas-MacBook-Air gitbasics % git commit -m "removed unused code." //making commit to repo
[main 271e365] removed unused code.
 1 file changed, 0 insertions(+), 0 deletions(-)
 delete mode 100644 file2.txt
sahanakulal@Sahanas-MacBook-Air gitbasics % 